// Jest Snapshot v1, https://goo.gl/fbAQLP

exports[`Table should render its default content with one single child 1`] = `
<ResizeDetector
  handleHeight={true}
  handleWidth={true}
  onResize={[Function]}
  refreshRate={1000}
  resizableElementId=""
  skipOnMount={false}
>
  <div
    className=""
    style={
      Object {
        "display": "flex",
        "flexDirection": "column",
      }
    }
  >
    <ContextProvider
      value={
        Object {
          "onScrollRow": [Function],
          "registerScrollSectionElements": [Function],
        }
      }
    >
      <Row
        cellClassName=""
        className=""
        columns={Array []}
        leftArrowRenderer={[Function]}
        leftArrowWrapperClassName=""
        rightArrowRenderer={[Function]}
        rightArrowWrapperClassName=""
        rowData={Object {}}
        showScrollArrows={true}
      />
    </ContextProvider>
  </div>
</ResizeDetector>
`;

exports[`Table should render the given children 1`] = `
<ResizeDetector
  handleHeight={true}
  handleWidth={true}
  onResize={[Function]}
  refreshRate={1000}
  resizableElementId=""
  skipOnMount={false}
>
  <div
    className=""
    style={
      Object {
        "display": "flex",
        "flexDirection": "column",
      }
    }
  >
    <ContextProvider
      value={
        Object {
          "onScrollRow": [Function],
          "registerScrollSectionElements": [Function],
        }
      }
    >
      <Row
        cellClassName=""
        className=""
        columns={Array []}
        leftArrowRenderer={[Function]}
        leftArrowWrapperClassName=""
        rightArrowRenderer={[Function]}
        rightArrowWrapperClassName=""
        rowData={Object {}}
        showScrollArrows={true}
      />
      <Row
        cellClassName=""
        className=""
        columns={Array []}
        leftArrowRenderer={[Function]}
        leftArrowWrapperClassName=""
        rightArrowRenderer={[Function]}
        rightArrowWrapperClassName=""
        rowData={Object {}}
        showScrollArrows={true}
      />
      <Row
        cellClassName=""
        className=""
        columns={Array []}
        leftArrowRenderer={[Function]}
        leftArrowWrapperClassName=""
        rightArrowRenderer={[Function]}
        rightArrowWrapperClassName=""
        rowData={Object {}}
        showScrollArrows={true}
      />
    </ContextProvider>
  </div>
</ResizeDetector>
`;
